error[E0308]: mismatched types
 --> tests/actual_tests_bless_yolo/rustfix-maybe-incorrect.rs:4:22
  |
4 |     let _x: String = 42;
  |             ------   ^^- help: try using a conversion method: `.to_string()`
  |             |        |
  |             |        expected `String`, found integer
  |             expected due to this

error: aborting due to 1 previous error

For more information about this error, try `rustc --explain E0308`.
